// Jest Snapshot v1, https://goo.gl/fbAQLP

exports[`Posts Component should render single data in Posts 1`] = `
<View>
  <View
    style={
      Object {
        "borderBottomColor": "#ababab",
        "borderBottomWidth": 1,
        "marginBottom": 8,
        "padding": 2,
        "paddingBottom": 3,
      }
    }
  >
    <View
      style={
        Object {
          "marginBottom": 4,
        }
      }
    >
      <Text
        numberOfLines={1}
        style={
          Object {
            "color": "#666",
            "fontWeight": "bold",
          }
        }
      >
        Bob cat
      </Text>
      <Text
        numberOfLines={2}
        style={
          Object {
            "color": "#888",
            "fontSize": 10,
          }
        }
      >
        I am your number #1 fan Bob!
      </Text>
    </View>
    <View
      style={
        Object {
          "alignSelf": "flex-end",
          "backgroundColor": "#efefef",
          "padding": 4,
        }
      }
    >
      <RNGestureHandlerButton
        collapsable={false}
        onGestureEvent={[Function]}
        onGestureHandlerEvent={[Function]}
        onGestureHandlerStateChange={[Function]}
        onHandlerStateChange={[Function]}
        rippleColor={0}
        style={
          Array [
            Object {
              "overflow": "hidden",
            },
            undefined,
          ]
        }
      >
        <View
          accessible={true}
          style={
            Object {
              "opacity": 1,
            }
          }
        >
          <Text
            style={
              Object {
                "fontSize": 10,
              }
            }
          >
            Comments
          </Text>
        </View>
      </RNGestureHandlerButton>
    </View>
  </View>
</View>
`;
